[      29ms] [WARNING] The resource https://i.ytimg.com/vi/732dkRJZOLE/maxresdefault.jpg was preloaded using link preload but not used within a few seconds from the window's load event. Please make sure it has an appropriate `as` value and it is preloaded intentionally. @ http://localhost:3000/:0
[      29ms] [WARNING] The resource https://i.ytimg.com/vi/-KnzDx8UV5M/maxresdefault.jpg was preloaded using link preload but not used within a few seconds from the window's load event. Please make sure it has an appropriate `as` value and it is preloaded intentionally. @ http://localhost:3000/:0
[      29ms] [WARNING] The resource https://i.ytimg.com/vi/cXFQuxZF61Q/maxresdefault.jpg was preloaded using link preload but not used within a few seconds from the window's load event. Please make sure it has an appropriate `as` value and it is preloaded intentionally. @ http://localhost:3000/:0
[      29ms] [WARNING] The resource https://i.ytimg.com/vi/haisvt45Kdc/maxresdefault.jpg was preloaded using link preload but not used within a few seconds from the window's load event. Please make sure it has an appropriate `as` value and it is preloaded intentionally. @ http://localhost:3000/:0
[      29ms] [WARNING] The resource https://i.ytimg.com/vi/VKeF820DlGU/maxresdefault.jpg was preloaded using link preload but not used within a few seconds from the window's load event. Please make sure it has an appropriate `as` value and it is preloaded intentionally. @ http://localhost:3000/:0
[     118ms] [LOG] [Fast Refresh] rebuilding @ http://localhost:3000/_next/static/chunks/node_modules_next_dist_f3530cac._.js:2297
[     138ms] [LOG] [Fast Refresh] done in 122ms @ http://localhost:3000/_next/static/chunks/node_modules_next_dist_f3530cac._.js:2297
[     280ms] [INFO] %cDownload the React DevTools for a better development experience: https://react.dev/link/react-devtools font-weight:bold @ http://localhost:3000/_next/static/chunks/node_modules_next_dist_f3530cac._.js:2297
[     322ms] [LOG] [HMR] connected @ http://localhost:3000/_next/static/chunks/node_modules_next_dist_f3530cac._.js:2297
[    1245ms] [LOG] [Fast Refresh] rebuilding @ http://localhost:3000/_next/static/chunks/node_modules_next_dist_f3530cac._.js:2297
[    1308ms] [LOG] [Fast Refresh] done in 168ms @ http://localhost:3000/_next/static/chunks/node_modules_next_dist_f3530cac._.js:2297
[    4068ms] [WARNING] The resource https://i.ytimg.com/vi/732dkRJZOLE/maxresdefault.jpg was preloaded using link preload but not used within a few seconds from the window's load event. Please make sure it has an appropriate `as` value and it is preloaded intentionally. @ http://localhost:3000/?animation-test=1:0
[    4068ms] [WARNING] The resource https://i.ytimg.com/vi/-KnzDx8UV5M/maxresdefault.jpg was preloaded using link preload but not used within a few seconds from the window's load event. Please make sure it has an appropriate `as` value and it is preloaded intentionally. @ http://localhost:3000/?animation-test=1:0
[    4068ms] [WARNING] The resource https://i.ytimg.com/vi/cXFQuxZF61Q/maxresdefault.jpg was preloaded using link preload but not used within a few seconds from the window's load event. Please make sure it has an appropriate `as` value and it is preloaded intentionally. @ http://localhost:3000/?animation-test=1:0
[    4068ms] [WARNING] The resource https://i.ytimg.com/vi/haisvt45Kdc/maxresdefault.jpg was preloaded using link preload but not used within a few seconds from the window's load event. Please make sure it has an appropriate `as` value and it is preloaded intentionally. @ http://localhost:3000/?animation-test=1:0
[    4068ms] [WARNING] The resource https://i.ytimg.com/vi/VKeF820DlGU/maxresdefault.jpg was preloaded using link preload but not used within a few seconds from the window's load event. Please make sure it has an appropriate `as` value and it is preloaded intentionally. @ http://localhost:3000/?animation-test=1:0
[   25937ms] [WARNING] The resource https://i.ytimg.com/vi/732dkRJZOLE/maxresdefault.jpg was preloaded using link preload but not used within a few seconds from the window's load event. Please make sure it has an appropriate `as` value and it is preloaded intentionally. @ http://localhost:3000/?animation-test=1:0
[   25938ms] [WARNING] The resource https://i.ytimg.com/vi/-KnzDx8UV5M/maxresdefault.jpg was preloaded using link preload but not used within a few seconds from the window's load event. Please make sure it has an appropriate `as` value and it is preloaded intentionally. @ http://localhost:3000/?animation-test=1:0
[   25938ms] [WARNING] The resource https://i.ytimg.com/vi/cXFQuxZF61Q/maxresdefault.jpg was preloaded using link preload but not used within a few seconds from the window's load event. Please make sure it has an appropriate `as` value and it is preloaded intentionally. @ http://localhost:3000/?animation-test=1:0
[   25938ms] [WARNING] The resource https://i.ytimg.com/vi/haisvt45Kdc/maxresdefault.jpg was preloaded using link preload but not used within a few seconds from the window's load event. Please make sure it has an appropriate `as` value and it is preloaded intentionally. @ http://localhost:3000/?animation-test=1:0
[   25938ms] [WARNING] The resource https://i.ytimg.com/vi/VKeF820DlGU/maxresdefault.jpg was preloaded using link preload but not used within a few seconds from the window's load event. Please make sure it has an appropriate `as` value and it is preloaded intentionally. @ http://localhost:3000/?animation-test=1:0
[   33745ms] [LOG] [Fast Refresh] rebuilding @ http://localhost:3000/_next/static/chunks/node_modules_next_dist_f3530cac._.js:2297
[   33800ms] [LOG] [Fast Refresh] done in 162ms @ http://localhost:3000/_next/static/chunks/node_modules_next_dist_f3530cac._.js:2297
[  213728ms] [LOG] [Fast Refresh] rebuilding @ http://localhost:3000/_next/static/chunks/node_modules_next_dist_f3530cac._.js:2297
[  214251ms] [LOG] [Fast Refresh] done in 600ms @ http://localhost:3000/_next/static/chunks/node_modules_next_dist_f3530cac._.js:2297
[  217260ms] [WARNING] The resource https://i.ytimg.com/vi/732dkRJZOLE/maxresdefault.jpg was preloaded using link preload but not used within a few seconds from the window's load event. Please make sure it has an appropriate `as` value and it is preloaded intentionally. @ http://localhost:3000/?animation-test=1:0
[  217260ms] [WARNING] The resource https://i.ytimg.com/vi/-KnzDx8UV5M/maxresdefault.jpg was preloaded using link preload but not used within a few seconds from the window's load event. Please make sure it has an appropriate `as` value and it is preloaded intentionally. @ http://localhost:3000/?animation-test=1:0
[  217260ms] [WARNING] The resource https://i.ytimg.com/vi/cXFQuxZF61Q/maxresdefault.jpg was preloaded using link preload but not used within a few seconds from the window's load event. Please make sure it has an appropriate `as` value and it is preloaded intentionally. @ http://localhost:3000/?animation-test=1:0
[  217260ms] [WARNING] The resource https://i.ytimg.com/vi/haisvt45Kdc/maxresdefault.jpg was preloaded using link preload but not used within a few seconds from the window's load event. Please make sure it has an appropriate `as` value and it is preloaded intentionally. @ http://localhost:3000/?animation-test=1:0
[  217260ms] [WARNING] The resource https://i.ytimg.com/vi/VKeF820DlGU/maxresdefault.jpg was preloaded using link preload but not used within a few seconds from the window's load event. Please make sure it has an appropriate `as` value and it is preloaded intentionally. @ http://localhost:3000/?animation-test=1:0
[  256183ms] [LOG] [Fast Refresh] rebuilding @ http://localhost:3000/_next/static/chunks/node_modules_next_dist_f3530cac._.js:2297
[  256184ms] [LOG] [Fast Refresh] done in 106ms @ http://localhost:3000/_next/static/chunks/node_modules_next_dist_f3530cac._.js:2297
[  261089ms] [LOG] [Fast Refresh] rebuilding @ http://localhost:3000/_next/static/chunks/node_modules_next_dist_f3530cac._.js:2297
[  261599ms] [LOG] [Fast Refresh] done in 613ms @ http://localhost:3000/_next/static/chunks/node_modules_next_dist_f3530cac._.js:2297
[  264400ms] [WARNING] The resource https://i.ytimg.com/vi/732dkRJZOLE/maxresdefault.jpg was preloaded using link preload but not used within a few seconds from the window's load event. Please make sure it has an appropriate `as` value and it is preloaded intentionally. @ http://localhost:3000/?animation-test=1:0
[  264400ms] [WARNING] The resource https://i.ytimg.com/vi/-KnzDx8UV5M/maxresdefault.jpg was preloaded using link preload but not used within a few seconds from the window's load event. Please make sure it has an appropriate `as` value and it is preloaded intentionally. @ http://localhost:3000/?animation-test=1:0
[  264400ms] [WARNING] The resource https://i.ytimg.com/vi/cXFQuxZF61Q/maxresdefault.jpg was preloaded using link preload but not used within a few seconds from the window's load event. Please make sure it has an appropriate `as` value and it is preloaded intentionally. @ http://localhost:3000/?animation-test=1:0
[  264400ms] [WARNING] The resource https://i.ytimg.com/vi/haisvt45Kdc/maxresdefault.jpg was preloaded using link preload but not used within a few seconds from the window's load event. Please make sure it has an appropriate `as` value and it is preloaded intentionally. @ http://localhost:3000/?animation-test=1:0
[  264400ms] [WARNING] The resource https://i.ytimg.com/vi/VKeF820DlGU/maxresdefault.jpg was preloaded using link preload but not used within a few seconds from the window's load event. Please make sure it has an appropriate `as` value and it is preloaded intentionally. @ http://localhost:3000/?animation-test=1:0
[  271675ms] [LOG] [Fast Refresh] rebuilding @ http://localhost:3000/_next/static/chunks/node_modules_next_dist_f3530cac._.js:2297
[  271709ms] [LOG] [Fast Refresh] done in 134ms @ http://localhost:3000/_next/static/chunks/node_modules_next_dist_f3530cac._.js:2297
[  277585ms] [LOG] [Fast Refresh] rebuilding @ http://localhost:3000/_next/static/chunks/node_modules_next_dist_f3530cac._.js:2297
[  277603ms] [LOG] [Fast Refresh] done in 126ms @ http://localhost:3000/_next/static/chunks/node_modules_next_dist_f3530cac._.js:2297
[  372553ms] [LOG] [Fast Refresh] rebuilding @ http://localhost:3000/_next/static/chunks/node_modules_next_dist_f3530cac._.js:2297
[  372870ms] [LOG] [Fast Refresh] done in 390ms @ http://localhost:3000/_next/static/chunks/node_modules_next_dist_f3530cac._.js:2297
[  375863ms] [WARNING] The resource https://i.ytimg.com/vi/732dkRJZOLE/maxresdefault.jpg was preloaded using link preload but not used within a few seconds from the window's load event. Please make sure it has an appropriate `as` value and it is preloaded intentionally. @ http://localhost:3000/?animation-test=1:0
[  375863ms] [WARNING] The resource https://i.ytimg.com/vi/-KnzDx8UV5M/maxresdefault.jpg was preloaded using link preload but not used within a few seconds from the window's load event. Please make sure it has an appropriate `as` value and it is preloaded intentionally. @ http://localhost:3000/?animation-test=1:0
[  375863ms] [WARNING] The resource https://i.ytimg.com/vi/cXFQuxZF61Q/maxresdefault.jpg was preloaded using link preload but not used within a few seconds from the window's load event. Please make sure it has an appropriate `as` value and it is preloaded intentionally. @ http://localhost:3000/?animation-test=1:0
[  375863ms] [WARNING] The resource https://i.ytimg.com/vi/haisvt45Kdc/maxresdefault.jpg was preloaded using link preload but not used within a few seconds from the window's load event. Please make sure it has an appropriate `as` value and it is preloaded intentionally. @ http://localhost:3000/?animation-test=1:0
[  375863ms] [WARNING] The resource https://i.ytimg.com/vi/VKeF820DlGU/maxresdefault.jpg was preloaded using link preload but not used within a few seconds from the window's load event. Please make sure it has an appropriate `as` value and it is preloaded intentionally. @ http://localhost:3000/?animation-test=1:0
[  395295ms] [LOG] [Fast Refresh] rebuilding @ http://localhost:3000/_next/static/chunks/node_modules_next_dist_f3530cac._.js:2297
[  395657ms] [LOG] [Fast Refresh] done in 427ms @ http://localhost:3000/_next/static/chunks/node_modules_next_dist_f3530cac._.js:2297
[  398605ms] [WARNING] The resource https://i.ytimg.com/vi/732dkRJZOLE/maxresdefault.jpg was preloaded using link preload but not used within a few seconds from the window's load event. Please make sure it has an appropriate `as` value and it is preloaded intentionally. @ http://localhost:3000/?animation-test=1:0
[  398605ms] [WARNING] The resource https://i.ytimg.com/vi/-KnzDx8UV5M/maxresdefault.jpg was preloaded using link preload but not used within a few seconds from the window's load event. Please make sure it has an appropriate `as` value and it is preloaded intentionally. @ http://localhost:3000/?animation-test=1:0
[  398605ms] [WARNING] The resource https://i.ytimg.com/vi/cXFQuxZF61Q/maxresdefault.jpg was preloaded using link preload but not used within a few seconds from the window's load event. Please make sure it has an appropriate `as` value and it is preloaded intentionally. @ http://localhost:3000/?animation-test=1:0
[  398605ms] [WARNING] The resource https://i.ytimg.com/vi/haisvt45Kdc/maxresdefault.jpg was preloaded using link preload but not used within a few seconds from the window's load event. Please make sure it has an appropriate `as` value and it is preloaded intentionally. @ http://localhost:3000/?animation-test=1:0
[  398605ms] [WARNING] The resource https://i.ytimg.com/vi/VKeF820DlGU/maxresdefault.jpg was preloaded using link preload but not used within a few seconds from the window's load event. Please make sure it has an appropriate `as` value and it is preloaded intentionally. @ http://localhost:3000/?animation-test=1:0
[  403796ms] [LOG] [Fast Refresh] rebuilding @ http://localhost:3000/_next/static/chunks/node_modules_next_dist_f3530cac._.js:2297
[  404174ms] [LOG] [Fast Refresh] done in 429ms @ http://localhost:3000/_next/static/chunks/node_modules_next_dist_f3530cac._.js:2297
[  407151ms] [WARNING] The resource https://i.ytimg.com/vi/732dkRJZOLE/maxresdefault.jpg was preloaded using link preload but not used within a few seconds from the window's load event. Please make sure it has an appropriate `as` value and it is preloaded intentionally. @ http://localhost:3000/?animation-test=1:0
[  407152ms] [WARNING] The resource https://i.ytimg.com/vi/-KnzDx8UV5M/maxresdefault.jpg was preloaded using link preload but not used within a few seconds from the window's load event. Please make sure it has an appropriate `as` value and it is preloaded intentionally. @ http://localhost:3000/?animation-test=1:0
[  407152ms] [WARNING] The resource https://i.ytimg.com/vi/cXFQuxZF61Q/maxresdefault.jpg was preloaded using link preload but not used within a few seconds from the window's load event. Please make sure it has an appropriate `as` value and it is preloaded intentionally. @ http://localhost:3000/?animation-test=1:0
[  407152ms] [WARNING] The resource https://i.ytimg.com/vi/haisvt45Kdc/maxresdefault.jpg was preloaded using link preload but not used within a few seconds from the window's load event. Please make sure it has an appropriate `as` value and it is preloaded intentionally. @ http://localhost:3000/?animation-test=1:0
[  407152ms] [WARNING] The resource https://i.ytimg.com/vi/VKeF820DlGU/maxresdefault.jpg was preloaded using link preload but not used within a few seconds from the window's load event. Please make sure it has an appropriate `as` value and it is preloaded intentionally. @ http://localhost:3000/?animation-test=1:0
[  415019ms] [LOG] [Fast Refresh] rebuilding @ http://localhost:3000/_next/static/chunks/node_modules_next_dist_f3530cac._.js:2297
[  415422ms] [LOG] [Fast Refresh] done in 507ms @ http://localhost:3000/_next/static/chunks/node_modules_next_dist_f3530cac._.js:2297
[  418330ms] [WARNING] The resource https://i.ytimg.com/vi/732dkRJZOLE/maxresdefault.jpg was preloaded using link preload but not used within a few seconds from the window's load event. Please make sure it has an appropriate `as` value and it is preloaded intentionally. @ http://localhost:3000/?animation-test=1:0
[  418330ms] [WARNING] The resource https://i.ytimg.com/vi/-KnzDx8UV5M/maxresdefault.jpg was preloaded using link preload but not used within a few seconds from the window's load event. Please make sure it has an appropriate `as` value and it is preloaded intentionally. @ http://localhost:3000/?animation-test=1:0
[  418330ms] [WARNING] The resource https://i.ytimg.com/vi/cXFQuxZF61Q/maxresdefault.jpg was preloaded using link preload but not used within a few seconds from the window's load event. Please make sure it has an appropriate `as` value and it is preloaded intentionally. @ http://localhost:3000/?animation-test=1:0
[  418330ms] [WARNING] The resource https://i.ytimg.com/vi/haisvt45Kdc/maxresdefault.jpg was preloaded using link preload but not used within a few seconds from the window's load event. Please make sure it has an appropriate `as` value and it is preloaded intentionally. @ http://localhost:3000/?animation-test=1:0
[  418330ms] [WARNING] The resource https://i.ytimg.com/vi/VKeF820DlGU/maxresdefault.jpg was preloaded using link preload but not used within a few seconds from the window's load event. Please make sure it has an appropriate `as` value and it is preloaded intentionally. @ http://localhost:3000/?animation-test=1:0
[  418595ms] [LOG] [Fast Refresh] rebuilding @ http://localhost:3000/_next/static/chunks/node_modules_next_dist_f3530cac._.js:2297
[  418963ms] [LOG] [Fast Refresh] done in 473ms @ http://localhost:3000/_next/static/chunks/node_modules_next_dist_f3530cac._.js:2297
[  421906ms] [WARNING] The resource https://i.ytimg.com/vi/732dkRJZOLE/maxresdefault.jpg was preloaded using link preload but not used within a few seconds from the window's load event. Please make sure it has an appropriate `as` value and it is preloaded intentionally. @ http://localhost:3000/?animation-test=1:0
[  421906ms] [WARNING] The resource https://i.ytimg.com/vi/-KnzDx8UV5M/maxresdefault.jpg was preloaded using link preload but not used within a few seconds from the window's load event. Please make sure it has an appropriate `as` value and it is preloaded intentionally. @ http://localhost:3000/?animation-test=1:0
[  421906ms] [WARNING] The resource https://i.ytimg.com/vi/cXFQuxZF61Q/maxresdefault.jpg was preloaded using link preload but not used within a few seconds from the window's load event. Please make sure it has an appropriate `as` value and it is preloaded intentionally. @ http://localhost:3000/?animation-test=1:0
[  421906ms] [WARNING] The resource https://i.ytimg.com/vi/haisvt45Kdc/maxresdefault.jpg was preloaded using link preload but not used within a few seconds from the window's load event. Please make sure it has an appropriate `as` value and it is preloaded intentionally. @ http://localhost:3000/?animation-test=1:0
[  421906ms] [WARNING] The resource https://i.ytimg.com/vi/VKeF820DlGU/maxresdefault.jpg was preloaded using link preload but not used within a few seconds from the window's load event. Please make sure it has an appropriate `as` value and it is preloaded intentionally. @ http://localhost:3000/?animation-test=1:0
[  475051ms] [LOG] [Fast Refresh] rebuilding @ http://localhost:3000/_next/static/chunks/node_modules_next_dist_f3530cac._.js:2297
[  475092ms] [LOG] [Fast Refresh] done in 151ms @ http://localhost:3000/_next/static/chunks/node_modules_next_dist_f3530cac._.js:2297
[  532533ms] [LOG] [Fast Refresh] rebuilding @ http://localhost:3000/_next/static/chunks/node_modules_next_dist_f3530cac._.js:2297
[  533122ms] [LOG] [Fast Refresh] done in 652ms @ http://localhost:3000/_next/static/chunks/node_modules_next_dist_f3530cac._.js:2297
[  536099ms] [WARNING] The resource https://i.ytimg.com/vi/732dkRJZOLE/maxresdefault.jpg was preloaded using link preload but not used within a few seconds from the window's load event. Please make sure it has an appropriate `as` value and it is preloaded intentionally. @ http://localhost:3000/?animation-test=1:0
[  536100ms] [WARNING] The resource https://i.ytimg.com/vi/-KnzDx8UV5M/maxresdefault.jpg was preloaded using link preload but not used within a few seconds from the window's load event. Please make sure it has an appropriate `as` value and it is preloaded intentionally. @ http://localhost:3000/?animation-test=1:0
[  536100ms] [WARNING] The resource https://i.ytimg.com/vi/cXFQuxZF61Q/maxresdefault.jpg was preloaded using link preload but not used within a few seconds from the window's load event. Please make sure it has an appropriate `as` value and it is preloaded intentionally. @ http://localhost:3000/?animation-test=1:0
[  536100ms] [WARNING] The resource https://i.ytimg.com/vi/haisvt45Kdc/maxresdefault.jpg was preloaded using link preload but not used within a few seconds from the window's load event. Please make sure it has an appropriate `as` value and it is preloaded intentionally. @ http://localhost:3000/?animation-test=1:0
[  536100ms] [WARNING] The resource https://i.ytimg.com/vi/VKeF820DlGU/maxresdefault.jpg was preloaded using link preload but not used within a few seconds from the window's load event. Please make sure it has an appropriate `as` value and it is preloaded intentionally. @ http://localhost:3000/?animation-test=1:0
[  570102ms] [LOG] [Fast Refresh] rebuilding @ http://localhost:3000/_next/static/chunks/node_modules_next_dist_f3530cac._.js:2297
[  570104ms] [LOG] [Fast Refresh] done in 105ms @ http://localhost:3000/_next/static/chunks/node_modules_next_dist_f3530cac._.js:2297
[  586760ms] [LOG] [Fast Refresh] rebuilding @ http://localhost:3000/_next/static/chunks/node_modules_next_dist_f3530cac._.js:2297
[  587407ms] [LOG] [Fast Refresh] done in 750ms @ http://localhost:3000/_next/static/chunks/node_modules_next_dist_f3530cac._.js:2297
[  590078ms] [WARNING] The resource https://i.ytimg.com/vi/732dkRJZOLE/maxresdefault.jpg was preloaded using link preload but not used within a few seconds from the window's load event. Please make sure it has an appropriate `as` value and it is preloaded intentionally. @ http://localhost:3000/?animation-test=1:0
[  590078ms] [WARNING] The resource https://i.ytimg.com/vi/-KnzDx8UV5M/maxresdefault.jpg was preloaded using link preload but not used within a few seconds from the window's load event. Please make sure it has an appropriate `as` value and it is preloaded intentionally. @ http://localhost:3000/?animation-test=1:0
[  590078ms] [WARNING] The resource https://i.ytimg.com/vi/cXFQuxZF61Q/maxresdefault.jpg was preloaded using link preload but not used within a few seconds from the window's load event. Please make sure it has an appropriate `as` value and it is preloaded intentionally. @ http://localhost:3000/?animation-test=1:0
[  590078ms] [WARNING] The resource https://i.ytimg.com/vi/haisvt45Kdc/maxresdefault.jpg was preloaded using link preload but not used within a few seconds from the window's load event. Please make sure it has an appropriate `as` value and it is preloaded intentionally. @ http://localhost:3000/?animation-test=1:0
[  590078ms] [WARNING] The resource https://i.ytimg.com/vi/VKeF820DlGU/maxresdefault.jpg was preloaded using link preload but not used within a few seconds from the window's load event. Please make sure it has an appropriate `as` value and it is preloaded intentionally. @ http://localhost:3000/?animation-test=1:0
[  600981ms] [LOG] [Fast Refresh] rebuilding @ http://localhost:3000/_next/static/chunks/node_modules_next_dist_f3530cac._.js:2297
[  601003ms] [LOG] [Fast Refresh] done in 128ms @ http://localhost:3000/_next/static/chunks/node_modules_next_dist_f3530cac._.js:2297
[  803274ms] [LOG] [Fast Refresh] rebuilding @ http://localhost:3000/_next/static/chunks/node_modules_next_dist_f3530cac._.js:2297
[  803297ms] [LOG] [Fast Refresh] done in 139ms @ http://localhost:3000/_next/static/chunks/node_modules_next_dist_f3530cac._.js:2297
[  998345ms] [LOG] [Fast Refresh] rebuilding @ http://localhost:3000/_next/static/chunks/node_modules_next_dist_f3530cac._.js:2297
[  999262ms] [LOG] [Fast Refresh] done in 731ms @ http://localhost:3000/_next/static/chunks/node_modules_next_dist_f3530cac._.js:2297
[  999398ms] [LOG] [Fast Refresh] rebuilding @ http://localhost:3000/_next/static/chunks/node_modules_next_dist_f3530cac._.js:2297
[  999424ms] [LOG] [Fast Refresh] done in 130ms @ http://localhost:3000/_next/static/chunks/node_modules_next_dist_f3530cac._.js:2297
[ 1002617ms] [WARNING] The resource https://i.ytimg.com/vi/732dkRJZOLE/maxresdefault.jpg was preloaded using link preload but not used within a few seconds from the window's load event. Please make sure it has an appropriate `as` value and it is preloaded intentionally. @ http://localhost:3000/?animation-test=1:0
[ 1002617ms] [WARNING] The resource https://i.ytimg.com/vi/-KnzDx8UV5M/maxresdefault.jpg was preloaded using link preload but not used within a few seconds from the window's load event. Please make sure it has an appropriate `as` value and it is preloaded intentionally. @ http://localhost:3000/?animation-test=1:0
[ 1002617ms] [WARNING] The resource https://i.ytimg.com/vi/cXFQuxZF61Q/maxresdefault.jpg was preloaded using link preload but not used within a few seconds from the window's load event. Please make sure it has an appropriate `as` value and it is preloaded intentionally. @ http://localhost:3000/?animation-test=1:0
[ 1002617ms] [WARNING] The resource https://i.ytimg.com/vi/haisvt45Kdc/maxresdefault.jpg was preloaded using link preload but not used within a few seconds from the window's load event. Please make sure it has an appropriate `as` value and it is preloaded intentionally. @ http://localhost:3000/?animation-test=1:0
[ 1002617ms] [WARNING] The resource https://i.ytimg.com/vi/VKeF820DlGU/maxresdefault.jpg was preloaded using link preload but not used within a few seconds from the window's load event. Please make sure it has an appropriate `as` value and it is preloaded intentionally. @ http://localhost:3000/?animation-test=1:0
[ 1051978ms] [LOG] [Fast Refresh] rebuilding @ http://localhost:3000/_next/static/chunks/node_modules_next_dist_f3530cac._.js:2297
[ 1052394ms] [LOG] [Fast Refresh] done in 518ms @ http://localhost:3000/_next/static/chunks/node_modules_next_dist_f3530cac._.js:2297
[ 1055293ms] [WARNING] The resource https://i.ytimg.com/vi/732dkRJZOLE/maxresdefault.jpg was preloaded using link preload but not used within a few seconds from the window's load event. Please make sure it has an appropriate `as` value and it is preloaded intentionally. @ http://localhost:3000/?animation-test=1:0
[ 1055293ms] [WARNING] The resource https://i.ytimg.com/vi/-KnzDx8UV5M/maxresdefault.jpg was preloaded using link preload but not used within a few seconds from the window's load event. Please make sure it has an appropriate `as` value and it is preloaded intentionally. @ http://localhost:3000/?animation-test=1:0
[ 1055293ms] [WARNING] The resource https://i.ytimg.com/vi/cXFQuxZF61Q/maxresdefault.jpg was preloaded using link preload but not used within a few seconds from the window's load event. Please make sure it has an appropriate `as` value and it is preloaded intentionally. @ http://localhost:3000/?animation-test=1:0
[ 1055293ms] [WARNING] The resource https://i.ytimg.com/vi/haisvt45Kdc/maxresdefault.jpg was preloaded using link preload but not used within a few seconds from the window's load event. Please make sure it has an appropriate `as` value and it is preloaded intentionally. @ http://localhost:3000/?animation-test=1:0
[ 1055293ms] [WARNING] The resource https://i.ytimg.com/vi/VKeF820DlGU/maxresdefault.jpg was preloaded using link preload but not used within a few seconds from the window's load event. Please make sure it has an appropriate `as` value and it is preloaded intentionally. @ http://localhost:3000/?animation-test=1:0
[ 1055582ms] [LOG] [Fast Refresh] rebuilding @ http://localhost:3000/_next/static/chunks/node_modules_next_dist_f3530cac._.js:2297
[ 1055608ms] [LOG] [Fast Refresh] done in 133ms @ http://localhost:3000/_next/static/chunks/node_modules_next_dist_f3530cac._.js:2297
[ 1086739ms] [LOG] [Fast Refresh] rebuilding @ http://localhost:3000/_next/static/chunks/node_modules_next_dist_f3530cac._.js:2297
[ 1087424ms] [LOG] [Fast Refresh] done in 786ms @ http://localhost:3000/_next/static/chunks/node_modules_next_dist_f3530cac._.js:2297
[ 1087529ms] [LOG] [Fast Refresh] rebuilding @ http://localhost:3000/_next/static/chunks/node_modules_next_dist_f3530cac._.js:2297
[ 1087529ms] [LOG] [Fast Refresh] done in 103ms @ http://localhost:3000/_next/static/chunks/node_modules_next_dist_f3530cac._.js:2297
[ 1090747ms] [WARNING] The resource https://i.ytimg.com/vi/732dkRJZOLE/maxresdefault.jpg was preloaded using link preload but not used within a few seconds from the window's load event. Please make sure it has an appropriate `as` value and it is preloaded intentionally. @ http://localhost:3000/?animation-test=1:0
[ 1090747ms] [WARNING] The resource https://i.ytimg.com/vi/-KnzDx8UV5M/maxresdefault.jpg was preloaded using link preload but not used within a few seconds from the window's load event. Please make sure it has an appropriate `as` value and it is preloaded intentionally. @ http://localhost:3000/?animation-test=1:0
[ 1090747ms] [WARNING] The resource https://i.ytimg.com/vi/cXFQuxZF61Q/maxresdefault.jpg was preloaded using link preload but not used within a few seconds from the window's load event. Please make sure it has an appropriate `as` value and it is preloaded intentionally. @ http://localhost:3000/?animation-test=1:0
[ 1090747ms] [WARNING] The resource https://i.ytimg.com/vi/haisvt45Kdc/maxresdefault.jpg was preloaded using link preload but not used within a few seconds from the window's load event. Please make sure it has an appropriate `as` value and it is preloaded intentionally. @ http://localhost:3000/?animation-test=1:0
[ 1090747ms] [WARNING] The resource https://i.ytimg.com/vi/VKeF820DlGU/maxresdefault.jpg was preloaded using link preload but not used within a few seconds from the window's load event. Please make sure it has an appropriate `as` value and it is preloaded intentionally. @ http://localhost:3000/?animation-test=1:0
[ 1157713ms] [LOG] [Fast Refresh] rebuilding @ http://localhost:3000/_next/static/chunks/node_modules_next_dist_f3530cac._.js:2297
[ 1157943ms] [LOG] [Fast Refresh] done in 330ms @ http://localhost:3000/_next/static/chunks/node_modules_next_dist_f3530cac._.js:2297
[ 1202991ms] [LOG] [Fast Refresh] rebuilding @ http://localhost:3000/_next/static/chunks/node_modules_next_dist_f3530cac._.js:2297
[ 1203601ms] [LOG] [Fast Refresh] done in 374ms @ http://localhost:3000/_next/static/chunks/node_modules_next_dist_f3530cac._.js:2297
[ 1206877ms] [WARNING] The resource https://i.ytimg.com/vi/732dkRJZOLE/maxresdefault.jpg was preloaded using link preload but not used within a few seconds from the window's load event. Please make sure it has an appropriate `as` value and it is preloaded intentionally. @ http://localhost:3000/?animation-test=1:0
[ 1206877ms] [WARNING] The resource https://i.ytimg.com/vi/-KnzDx8UV5M/maxresdefault.jpg was preloaded using link preload but not used within a few seconds from the window's load event. Please make sure it has an appropriate `as` value and it is preloaded intentionally. @ http://localhost:3000/?animation-test=1:0
[ 1206877ms] [WARNING] The resource https://i.ytimg.com/vi/cXFQuxZF61Q/maxresdefault.jpg was preloaded using link preload but not used within a few seconds from the window's load event. Please make sure it has an appropriate `as` value and it is preloaded intentionally. @ http://localhost:3000/?animation-test=1:0
[ 1206877ms] [WARNING] The resource https://i.ytimg.com/vi/haisvt45Kdc/maxresdefault.jpg was preloaded using link preload but not used within a few seconds from the window's load event. Please make sure it has an appropriate `as` value and it is preloaded intentionally. @ http://localhost:3000/?animation-test=1:0
[ 1206877ms] [WARNING] The resource https://i.ytimg.com/vi/VKeF820DlGU/maxresdefault.jpg was preloaded using link preload but not used within a few seconds from the window's load event. Please make sure it has an appropriate `as` value and it is preloaded intentionally. @ http://localhost:3000/?animation-test=1:0
[ 1257259ms] [LOG] [Fast Refresh] rebuilding @ http://localhost:3000/_next/static/chunks/node_modules_next_dist_f3530cac._.js:2297
[ 1257540ms] [LOG] [Fast Refresh] done in 384ms @ http://localhost:3000/_next/static/chunks/node_modules_next_dist_f3530cac._.js:2297
[ 1261409ms] [LOG] [Fast Refresh] rebuilding @ http://localhost:3000/_next/static/chunks/node_modules_next_dist_f3530cac._.js:2297
[ 1261416ms] [LOG] [Fast Refresh] done in 113ms @ http://localhost:3000/_next/static/chunks/node_modules_next_dist_f3530cac._.js:2297
[ 1278431ms] [LOG] [Fast Refresh] rebuilding @ http://localhost:3000/_next/static/chunks/node_modules_next_dist_f3530cac._.js:2297
[ 1278479ms] [LOG] [Fast Refresh] done in 152ms @ http://localhost:3000/_next/static/chunks/node_modules_next_dist_f3530cac._.js:2297
[ 1282692ms] [LOG] [Fast Refresh] rebuilding @ http://localhost:3000/_next/static/chunks/node_modules_next_dist_f3530cac._.js:2297
[ 1282756ms] [LOG] [Fast Refresh] done in 167ms @ http://localhost:3000/_next/static/chunks/node_modules_next_dist_f3530cac._.js:2297
[ 1481582ms] [LOG] [Fast Refresh] rebuilding @ http://localhost:3000/_next/static/chunks/node_modules_next_dist_f3530cac._.js:2297
[ 1482367ms] [LOG] [Fast Refresh] done in 889ms @ http://localhost:3000/_next/static/chunks/node_modules_next_dist_f3530cac._.js:2297
[ 1482485ms] [LOG] [Fast Refresh] rebuilding @ http://localhost:3000/_next/static/chunks/node_modules_next_dist_f3530cac._.js:2297
[ 1482603ms] [LOG] [Fast Refresh] done in 222ms @ http://localhost:3000/_next/static/chunks/node_modules_next_dist_f3530cac._.js:2297
[ 1482732ms] [LOG] [Fast Refresh] rebuilding @ http://localhost:3000/_next/static/chunks/node_modules_next_dist_f3530cac._.js:2297
[ 1482741ms] [LOG] [Fast Refresh] done in 122ms @ http://localhost:3000/_next/static/chunks/node_modules_next_dist_f3530cac._.js:2297
[ 1485800ms] [WARNING] The resource https://i.ytimg.com/vi/732dkRJZOLE/maxresdefault.jpg was preloaded using link preload but not used within a few seconds from the window's load event. Please make sure it has an appropriate `as` value and it is preloaded intentionally. @ http://localhost:3000/?animation-test=1:0
[ 1485800ms] [WARNING] The resource https://i.ytimg.com/vi/-KnzDx8UV5M/maxresdefault.jpg was preloaded using link preload but not used within a few seconds from the window's load event. Please make sure it has an appropriate `as` value and it is preloaded intentionally. @ http://localhost:3000/?animation-test=1:0
[ 1485800ms] [WARNING] The resource https://i.ytimg.com/vi/cXFQuxZF61Q/maxresdefault.jpg was preloaded using link preload but not used within a few seconds from the window's load event. Please make sure it has an appropriate `as` value and it is preloaded intentionally. @ http://localhost:3000/?animation-test=1:0
[ 1485800ms] [WARNING] The resource https://i.ytimg.com/vi/haisvt45Kdc/maxresdefault.jpg was preloaded using link preload but not used within a few seconds from the window's load event. Please make sure it has an appropriate `as` value and it is preloaded intentionally. @ http://localhost:3000/?animation-test=1:0
[ 1485800ms] [WARNING] The resource https://i.ytimg.com/vi/VKeF820DlGU/maxresdefault.jpg was preloaded using link preload but not used within a few seconds from the window's load event. Please make sure it has an appropriate `as` value and it is preloaded intentionally. @ http://localhost:3000/?animation-test=1:0
[ 1506550ms] [LOG] [Fast Refresh] rebuilding @ http://localhost:3000/_next/static/chunks/node_modules_next_dist_f3530cac._.js:2297
[ 1506782ms] [LOG] [Fast Refresh] done in 341ms @ http://localhost:3000/_next/static/chunks/node_modules_next_dist_f3530cac._.js:2297
[ 1521783ms] [LOG] [Fast Refresh] rebuilding @ http://localhost:3000/_next/static/chunks/node_modules_next_dist_f3530cac._.js:2297
[ 1522131ms] [LOG] [Fast Refresh] done in 450ms @ http://localhost:3000/_next/static/chunks/node_modules_next_dist_f3530cac._.js:2297
[ 1525094ms] [WARNING] The resource https://i.ytimg.com/vi/732dkRJZOLE/maxresdefault.jpg was preloaded using link preload but not used within a few seconds from the window's load event. Please make sure it has an appropriate `as` value and it is preloaded intentionally. @ http://localhost:3000/?animation-test=1:0
[ 1525094ms] [WARNING] The resource https://i.ytimg.com/vi/-KnzDx8UV5M/maxresdefault.jpg was preloaded using link preload but not used within a few seconds from the window's load event. Please make sure it has an appropriate `as` value and it is preloaded intentionally. @ http://localhost:3000/?animation-test=1:0
[ 1525094ms] [WARNING] The resource https://i.ytimg.com/vi/cXFQuxZF61Q/maxresdefault.jpg was preloaded using link preload but not used within a few seconds from the window's load event. Please make sure it has an appropriate `as` value and it is preloaded intentionally. @ http://localhost:3000/?animation-test=1:0
[ 1525094ms] [WARNING] The resource https://i.ytimg.com/vi/haisvt45Kdc/maxresdefault.jpg was preloaded using link preload but not used within a few seconds from the window's load event. Please make sure it has an appropriate `as` value and it is preloaded intentionally. @ http://localhost:3000/?animation-test=1:0
[ 1525094ms] [WARNING] The resource https://i.ytimg.com/vi/VKeF820DlGU/maxresdefault.jpg was preloaded using link preload but not used within a few seconds from the window's load event. Please make sure it has an appropriate `as` value and it is preloaded intentionally. @ http://localhost:3000/?animation-test=1:0
[ 1527129ms] [LOG] [Fast Refresh] rebuilding @ http://localhost:3000/_next/static/chunks/node_modules_next_dist_f3530cac._.js:2297
[ 1527173ms] [LOG] [Fast Refresh] done in 146ms @ http://localhost:3000/_next/static/chunks/node_modules_next_dist_f3530cac._.js:2297
